  0: ok
  Physicians:
  Patients: 
  Medications: 
  Interactions: 
  Prescriptions:
->add_physician(1,"Mayo",specialist)
  1: ok
  Physicians:
    1->[Mayo,sp]
  Patients: 
  Medications: 
  Interactions: 
  Prescriptions:
->add_patient(3,"Dora")
  2: ok
  Physicians:
    1->[Mayo,sp]
  Patients: 
    3->Dora
  Medications: 
  Interactions: 
  Prescriptions:
->add_patient(1,"Drew")
  3: ok
  Physicians:
    1->[Mayo,sp]
  Patients: 
    1->Drew
    3->Dora
  Medications: 
  Interactions: 
  Prescriptions:
->add_medication(1,["Wafarin", pill, 1, 6])
  4: ok
  Physicians:
    1->[Mayo,sp]
  Patients: 
    1->Drew
    3->Dora
  Medications: 
    1->[Wafarin,pl,1.00,6.00]
  Interactions: 
  Prescriptions:
->add_medication(3,["caffeine", liquid, 7, 16])
  5: ok
  Physicians:
    1->[Mayo,sp]
  Patients: 
    1->Drew
    3->Dora
  Medications: 
    1->[Wafarin,pl,1.00,6.00]
    3->[caffeine,lq,7.00,16.00]
  Interactions: 
  Prescriptions:
->add_medication(2,["acetaminophen", liquid, 10, 25.5])
  6: ok
  Physicians:
    1->[Mayo,sp]
  Patients: 
    1->Drew
    3->Dora
  Medications: 
    1->[Wafarin,pl,1.00,6.00]
    2->[acetaminophen,lq,10.00,25.50]
    3->[caffeine,lq,7.00,16.00]
  Interactions: 
  Prescriptions:
->add_interaction(1,2)
  7: ok
  Physicians:
    1->[Mayo,sp]
  Patients: 
    1->Drew
    3->Dora
  Medications: 
    1->[Wafarin,pl,1.00,6.00]
    2->[acetaminophen,lq,10.00,25.50]
    3->[caffeine,lq,7.00,16.00]
  Interactions: 
    [Wafarin,pl,1]->[acetaminophen,lq,2]
  Prescriptions:
->new_prescription(2,1,3)
  8: ok
  Physicians:
    1->[Mayo,sp]
  Patients: 
    1->Drew
    3->Dora
  Medications: 
    1->[Wafarin,pl,1.00,6.00]
    2->[acetaminophen,lq,10.00,25.50]
    3->[caffeine,lq,7.00,16.00]
  Interactions: 
    [Wafarin,pl,1]->[acetaminophen,lq,2]
  Prescriptions:
    2->[2,1,3,()]
->new_prescription(1,1,1)
  9: ok
  Physicians:
    1->[Mayo,sp]
  Patients: 
    1->Drew
    3->Dora
  Medications: 
    1->[Wafarin,pl,1.00,6.00]
    2->[acetaminophen,lq,10.00,25.50]
    3->[caffeine,lq,7.00,16.00]
  Interactions: 
    [Wafarin,pl,1]->[acetaminophen,lq,2]
  Prescriptions:
    1->[1,1,1,()]
    2->[2,1,3,()]
->dpr_q
  10: ok
  There are no dangerous prescriptions
->add_medicine(1,1,5.5)
  11: ok
  Physicians:
    1->[Mayo,sp]
  Patients: 
    1->Drew
    3->Dora
  Medications: 
    1->[Wafarin,pl,1.00,6.00]
    2->[acetaminophen,lq,10.00,25.50]
    3->[caffeine,lq,7.00,16.00]
  Interactions: 
    [Wafarin,pl,1]->[acetaminophen,lq,2]
  Prescriptions:
    1->[1,1,1,(1->5.50)]
    2->[2,1,3,()]
->add_medicine(1,2,300.5)
  12: dose is outside allowed range
  Physicians:
    1->[Mayo,sp]
  Patients: 
    1->Drew
    3->Dora
  Medications: 
    1->[Wafarin,pl,1.00,6.00]
    2->[acetaminophen,lq,10.00,25.50]
    3->[caffeine,lq,7.00,16.00]
  Interactions: 
    [Wafarin,pl,1]->[acetaminophen,lq,2]
  Prescriptions:
    1->[1,1,1,(1->5.50)]
    2->[2,1,3,()]
->add_medicine(1,3,5.5)
  13: dose is outside allowed range
  Physicians:
    1->[Mayo,sp]
  Patients: 
    1->Drew
    3->Dora
  Medications: 
    1->[Wafarin,pl,1.00,6.00]
    2->[acetaminophen,lq,10.00,25.50]
    3->[caffeine,lq,7.00,16.00]
  Interactions: 
    [Wafarin,pl,1]->[acetaminophen,lq,2]
  Prescriptions:
    1->[1,1,1,(1->5.50)]
    2->[2,1,3,()]
->add_medicine(2,2,5.5)
  14: dose is outside allowed range
  Physicians:
    1->[Mayo,sp]
  Patients: 
    1->Drew
    3->Dora
  Medications: 
    1->[Wafarin,pl,1.00,6.00]
    2->[acetaminophen,lq,10.00,25.50]
    3->[caffeine,lq,7.00,16.00]
  Interactions: 
    [Wafarin,pl,1]->[acetaminophen,lq,2]
  Prescriptions:
    1->[1,1,1,(1->5.50)]
    2->[2,1,3,()]
->add_medicine(2,3,300.5)
  15: dose is outside allowed range
  Physicians:
    1->[Mayo,sp]
  Patients: 
    1->Drew
    3->Dora
  Medications: 
    1->[Wafarin,pl,1.00,6.00]
    2->[acetaminophen,lq,10.00,25.50]
    3->[caffeine,lq,7.00,16.00]
  Interactions: 
    [Wafarin,pl,1]->[acetaminophen,lq,2]
  Prescriptions:
    1->[1,1,1,(1->5.50)]
    2->[2,1,3,()]
->add_medicine(2,1,5.5)
  16: ok
  Physicians:
    1->[Mayo,sp]
  Patients: 
    1->Drew
    3->Dora
  Medications: 
    1->[Wafarin,pl,1.00,6.00]
    2->[acetaminophen,lq,10.00,25.50]
    3->[caffeine,lq,7.00,16.00]
  Interactions: 
    [Wafarin,pl,1]->[acetaminophen,lq,2]
  Prescriptions:
    1->[1,1,1,(1->5.50)]
    2->[2,1,3,(1->5.50)]
->prescriptions_q(1)
  17: ok
  Output: medication is Wafarin
    1->Drew
    3->Dora
